Archive member included to satisfy reference by file (symbol)

d:/cubemx/stm32cubeide_1.8.0/stm32cubeide/plugins/com.st.stm32cube.ide.mcu.externaltools.gnu-tools-for-stm32.9-2020-q2-update.win32_2.0.0.202105311346/tools/bin/../lib/gcc/arm-none-eabi/9.3.1/../../../../arm-none-eabi/lib/thumb/v7e-m+fp/hard\libc_nano.a(lib_a-errno.o)
                              ./Core/Src/syscalls.o (__errno)
d:/cubemx/stm32cubeide_1.8.0/stm32cubeide/plugins/com.st.stm32cube.ide.mcu.externaltools.gnu-tools-for-stm32.9-2020-q2-update.win32_2.0.0.202105311346/tools/bin/../lib/gcc/arm-none-eabi/9.3.1/../../../../arm-none-eabi/lib/thumb/v7e-m+fp/hard\libc_nano.a(lib_a-exit.o)
                              d:/cubemx/stm32cubeide_1.8.0/stm32cubeide/plugins/com.st.stm32cube.ide.mcu.externaltools.gnu-tools-for-stm32.9-2020-q2-update.win32_2.0.0.202105311346/tools/bin/../lib/gcc/arm-none-eabi/9.3.1/../../../../arm-none-eabi/lib/thumb/v7e-m+fp/hard/crt0.o (exit)
d:/cubemx/stm32cubeide_1.8.0/stm32cubeide/plugins/com.st.stm32cube.ide.mcu.externaltools.gnu-tools-for-stm32.9-2020-q2-update.win32_2.0.0.202105311346/tools/bin/../lib/gcc/arm-none-eabi/9.3.1/../../../../arm-none-eabi/lib/thumb/v7e-m+fp/hard\libc_nano.a(lib_a-impure.o)
                              d:/cubemx/stm32cubeide_1.8.0/stm32cubeide/plugins/com.st.stm32cube.ide.mcu.externaltools.gnu-tools-for-stm32.9-2020-q2-update.win32_2.0.0.202105311346/tools/bin/../lib/gcc/arm-none-eabi/9.3.1/../../../../arm-none-eabi/lib/thumb/v7e-m+fp/hard\libc_nano.a(lib_a-exit.o) (_global_impure_ptr)
d:/cubemx/stm32cubeide_1.8.0/stm32cubeide/plugins/com.st.stm32cube.ide.mcu.externaltools.gnu-tools-for-stm32.9-2020-q2-update.win32_2.0.0.202105311346/tools/bin/../lib/gcc/arm-none-eabi/9.3.1/../../../../arm-none-eabi/lib/thumb/v7e-m+fp/hard\libc_nano.a(lib_a-init.o)
                              d:/cubemx/stm32cubeide_1.8.0/stm32cubeide/plugins/com.st.stm32cube.ide.mcu.externaltools.gnu-tools-for-stm32.9-2020-q2-update.win32_2.0.0.202105311346/tools/bin/../lib/gcc/arm-none-eabi/9.3.1/../../../../arm-none-eabi/lib/thumb/v7e-m+fp/hard/crt0.o (__libc_init_array)
d:/cubemx/stm32cubeide_1.8.0/stm32cubeide/plugins/com.st.stm32cube.ide.mcu.externaltools.gnu-tools-for-stm32.9-2020-q2-update.win32_2.0.0.202105311346/tools/bin/../lib/gcc/arm-none-eabi/9.3.1/../../../../arm-none-eabi/lib/thumb/v7e-m+fp/hard\libc_nano.a(lib_a-memset.o)
                              d:/cubemx/stm32cubeide_1.8.0/stm32cubeide/plugins/com.st.stm32cube.ide.mcu.externaltools.gnu-tools-for-stm32.9-2020-q2-update.win32_2.0.0.202105311346/tools/bin/../lib/gcc/arm-none-eabi/9.3.1/../../../../arm-none-eabi/lib/thumb/v7e-m+fp/hard/crt0.o (memset)

Allocating common symbols
Common symbol       size              file

hdma_usart2_rx      0x44              ./Core/Src/main.o
x                   0x4b4             ./Core/Src/main.o
hdac1               0x3c              ./Core/Src/main.o
uwTick              0x4               ./Drivers/STM32F3xx_HAL_Driver/Src/stm32f3xx_hal.o
pFlash              0x20              ./Drivers/STM32F3xx_HAL_Driver/Src/stm32f3xx_hal_flash.o
hadc1               0x6c              ./Core/Src/main.o
hdma_usart2_tx      0x44              ./Core/Src/main.o
hdma_adc1           0x44              ./Core/Src/main.o
htim2               0x4c              ./Core/Src/main.o
huart2              0x84              ./Core/Src/main.o

Discarded input sections

 .text          0x0000000000000000        0x0 d:/cubemx/stm32cubeide_1.8.0/stm32cubeide/plugins/com.st.stm32cube.ide.mcu.externaltools.gnu-tools-for-stm32.9-2020-q2-update.win32_2.0.0.202105311346/tools/bin/../lib/gcc/arm-none-eabi/9.3.1/thumb/v7e-m+fp/hard/crti.o
 .data          0x0000000000000000        0x0 d:/cubemx/stm32cubeide_1.8.0/stm32cubeide/plugins/com.st.stm32cube.ide.mcu.externaltools.gnu-tools-for-stm32.9-2020-q2-update.win32_2.0.0.202105311346/tools/bin/../lib/gcc/arm-none-eabi/9.3.1/thumb/v7e-m+fp/hard/crti.o
 .bss           0x0000000000000000        0x0 d:/cubemx/stm32cubeide_1.8.0/stm32cubeide/plugins/com.st.stm32cube.ide.mcu.externaltools.gnu-tools-for-stm32.9-2020-q2-update.win32_2.0.0.202105311346/tools/bin/../lib/gcc/arm-none-eabi/9.3.1/thumb/v7e-m+fp/hard/crti.o
 .data          0x0000000000000000        0x4 d:/cubemx/stm32cubeide_1.8.0/stm32cubeide/plugins/com.st.stm32cube.ide.mcu.externaltools.gnu-tools-for-stm32.9-2020-q2-update.win32_2.0.0.202105311346/tools/bin/../lib/gcc/arm-none-eabi/9.3.1/thumb/v7e-m+fp/hard/crtbegin.o
 .text          0x0000000000000000       0x7c d:/cubemx/stm32cubeide_1.8.0/stm32cubeide/plugins/com.st.stm32cube.ide.mcu.externaltools.gnu-tools-for-stm32.9-2020-q2-update.win32_2.0.0.202105311346/tools/bin/../lib/gcc/arm-none-eabi/9.3.1/../../../../arm-none-eabi/lib/thumb/v7e-m+fp/hard/crt0.o
[...]
Memory Configuration

Name             Origin             Length             Attributes
CCMRAM           0x0000000010000000 0x0000000000001000 xrw
RAM              0x0000000020000000 0x0000000000003000 xrw
FLASH            0x0000000008000000 0x0000000000010000 xr
*default*        0x0000000000000000 0xffffffffffffffff

Linker script and memory map

LOAD d:/cubemx/stm32cubeide_1.8.0/stm32cubeide/plugins/com.st.stm32cube.ide.mcu.externaltools.gnu-tools-for-stm32.9-2020-q2-update.win32_2.0.0.202105311346/tools/bin/../lib/gcc/arm-none-eabi/9.3.1/thumb/v7e-m+fp/hard/crti.o
LOAD d:/cubemx/stm32cubeide_1.8.0/stm32cubeide/plugins/com.st.stm32cube.ide.mcu.externaltools.gnu-tools-for-stm32.9-2020-q2-update.win32_2.0.0.202105311346/tools/bin/../lib/gcc/arm-none-eabi/9.3.1/thumb/v7e-m+fp/hard/crtbegin.o
LOAD d:/cubemx/stm32cubeide_1.8.0/stm32cubeide/plugins/com.st.stm32cube.ide.mcu.externaltools.gnu-tools-for-stm32.9-2020-q2-update.win32_2.0.0.202105311346/tools/bin/../lib/gcc/arm-none-eabi/9.3.1/../../../../arm-none-eabi/lib/thumb/v7e-m+fp/hard/crt0.o
LOAD ./Core/Src/main.o
LOAD ./Core/Src/stm32f3xx_hal_msp.o
LOAD ./Core/Src/stm32f3xx_it.o
LOAD ./Core/Src/syscalls.o
LOAD ./Core/Src/sysmem.o
LOAD ./Core/Src/system_stm32f3xx.o
LOAD ./Core/Startup/startup_stm32f334r8tx.o
LOAD ./Drivers/STM32F3xx_HAL_Driver/Src/stm32f3xx_hal.o
LOAD ./Drivers/STM32F3xx_HAL_Driver/Src/stm32f3xx_hal_adc.o
LOAD ./Drivers/STM32F3xx_HAL_Driver/Src/stm32f3xx_hal_adc_ex.o
LOAD ./Drivers/STM32F3xx_HAL_Driver/Src/stm32f3xx_hal_cortex.o
LOAD ./Drivers/STM32F3xx_HAL_Driver/Src/stm32f3xx_hal_dac.o
LOAD ./Drivers/STM32F3xx_HAL_Driver/Src/stm32f3xx_hal_dac_ex.o
LOAD ./Drivers/STM32F3xx_HAL_Driver/Src/stm32f3xx_hal_dma.o
LOAD ./Drivers/STM32F3xx_HAL_Driver/Src/stm32f3xx_hal_exti.o
LOAD ./Drivers/STM32F3xx_HAL_Driver/Src/stm32f3xx_hal_flash.o
LOAD ./Drivers/STM32F3xx_HAL_Driver/Src/stm32f3xx_hal_flash_ex.o
LOAD ./Drivers/STM32F3xx_HAL_Driver/Src/stm32f3xx_hal_gpio.o
LOAD ./Drivers/STM32F3xx_HAL_Driver/Src/stm32f3xx_hal_i2c.o
LOAD ./Drivers/STM32F3xx_HAL_Driver/Src/stm32f3xx_hal_i2c_ex.o
LOAD ./Drivers/STM32F3xx_HAL_Driver/Src/stm32f3xx_hal_pwr.o
LOAD ./Drivers/STM32F3xx_HAL_Driver/Src/stm32f3xx_hal_pwr_ex.o
LOAD ./Drivers/STM32F3xx_HAL_Driver/Src/stm32f3xx_hal_rcc.o
LOAD ./Drivers/STM32F3xx_HAL_Driver/Src/stm32f3xx_hal_rcc_ex.o
LOAD ./Drivers/STM32F3xx_HAL_Driver/Src/stm32f3xx_hal_tim.o
LOAD ./Drivers/STM32F3xx_HAL_Driver/Src/stm32f3xx_hal_tim_ex.o
LOAD ./Drivers/STM32F3xx_HAL_Driver/Src/stm32f3xx_hal_uart.o
LOAD ./Drivers/STM32F3xx_HAL_Driver/Src/stm32f3xx_hal_uart_ex.o
START GROUP
LOAD d:/cubemx/stm32cubeide_1.8.0/stm32cubeide/plugins/com.st.stm32cube.ide.mcu.externaltools.gnu-tools-for-stm32.9-2020-q2-update.win32_2.0.0.202105311346/tools/bin/../lib/gcc/arm-none-eabi/9.3.1/../../../../arm-none-eabi/lib/thumb/v7e-m+fp/hard\libc_nano.a
LOAD d:/cubemx/stm32cubeide_1.8.0/stm32cubeide/plugins/com.st.stm32cube.ide.mcu.externaltools.gnu-tools-for-stm32.9-2020-q2-update.win32_2.0.0.202105311346/tools/bin/../lib/gcc/arm-none-eabi/9.3.1/../../../../arm-none-eabi/lib/thumb/v7e-m+fp/hard\libm.a
END GROUP
START GROUP
LOAD d:/cubemx/stm32cubeide_1.8.0/stm32cubeide/plugins/com.st.stm32cube.ide.mcu.externaltools.gnu-tools-for-stm32.9-2020-q2-update.win32_2.0.0.202105311346/tools/bin/../lib/gcc/arm-none-eabi/9.3.1/thumb/v7e-m+fp/hard\libgcc.a
LOAD d:/cubemx/stm32cubeide_1.8.0/stm32cubeide/plugins/com.st.stm32cube.ide.mcu.externaltools.gnu-tools-for-stm32.9-2020-q2-update.win32_2.0.0.202105311346/tools/bin/../lib/gcc/arm-none-eabi/9.3.1/../../../../arm-none-eabi/lib/thumb/v7e-m+fp/hard\libc_nano.a
END GROUP
START GROUP
LOAD d:/cubemx/stm32cubeide_1.8.0/stm32cubeide/plugins/com.st.stm32cube.ide.mcu.externaltools.gnu-tools-for-stm32.9-2020-q2-update.win32_2.0.0.202105311346/tools/bin/../lib/gcc/arm-none-eabi/9.3.1/thumb/v7e-m+fp/hard\libgcc.a
LOAD d:/cubemx/stm32cubeide_1.8.0/stm32cubeide/plugins/com.st.stm32cube.ide.mcu.externaltools.gnu-tools-for-stm32.9-2020-q2-update.win32_2.0.0.202105311346/tools/bin/../lib/gcc/arm-none-eabi/9.3.1/../../../../arm-none-eabi/lib/thumb/v7e-m+fp/hard\libc_nano.a
LOAD d:/cubemx/stm32cubeide_1.8.0/stm32cubeide/plugins/com.st.stm32cube.ide.mcu.externaltools.gnu-tools-for-stm32.9-2020-q2-update.win32_2.0.0.202105311346/tools/bin/../lib/gcc/arm-none-eabi/9.3.1/../../../../arm-none-eabi/lib/thumb/v7e-m+fp/hard\libnosys.a
END GROUP
START GROUP
LOAD d:/cubemx/stm32cubeide_1.8.0/stm32cubeide/plugins/com.st.stm32cube.ide.mcu.externaltools.gnu-tools-for-stm32.9-2020-q2-update.win32_2.0.0.202105311346/tools/bin/../lib/gcc/arm-none-eabi/9.3.1/thumb/v7e-m+fp/hard\libgcc.a
LOAD d:/cubemx/stm32cubeide_1.8.0/stm32cubeide/plugins/com.st.stm32cube.ide.mcu.externaltools.gnu-tools-for-stm32.9-2020-q2-update.win32_2.0.0.202105311346/tools/bin/../lib/gcc/arm-none-eabi/9.3.1/../../../../arm-none-eabi/lib/thumb/v7e-m+fp/hard\libc_nano.a
LOAD d:/cubemx/stm32cubeide_1.8.0/stm32cubeide/plugins/com.st.stm32cube.ide.mcu.externaltools.gnu-tools-for-stm32.9-2020-q2-update.win32_2.0.0.202105311346/tools/bin/../lib/gcc/arm-none-eabi/9.3.1/../../../../arm-none-eabi/lib/thumb/v7e-m+fp/hard\libnosys.a
END GROUP
LOAD d:/cubemx/stm32cubeide_1.8.0/stm32cubeide/plugins/com.st.stm32cube.ide.mcu.externaltools.gnu-tools-for-stm32.9-2020-q2-update.win32_2.0.0.202105311346/tools/bin/../lib/gcc/arm-none-eabi/9.3.1/thumb/v7e-m+fp/hard/crtend.o
LOAD d:/cubemx/stm32cubeide_1.8.0/stm32cubeide/plugins/com.st.stm32cube.ide.mcu.externaltools.gnu-tools-for-stm32.9-2020-q2-update.win32_2.0.0.202105311346/tools/bin/../lib/gcc/arm-none-eabi/9.3.1/thumb/v7e-m+fp/hard/crtn.o
                0x0000000020003000                _estack = (ORIGIN (RAM) + LENGTH (RAM))
                0x0000000000000200                _Min_Heap_Size = 0x200
                0x0000000000000400                _Min_Stack_Size = 0x400

.isr_vector     0x0000000008000000      0x188
                0x0000000008000000                . = ALIGN (0x4)
 *(.isr_vector)
 .isr_vector    0x0000000008000000      0x188 ./Core/Startup/startup_stm32f334r8tx.o
                0x0000000008000000                g_pfnVectors
                0x0000000008000188                . = ALIGN (0x4)

.text           0x0000000008000188     0x5454
                0x0000000008000188                . = ALIGN (0x4)
 *(.text)
 .text          0x0000000008000188       0x40 d:/cubemx/stm32cubeide_1.8.0/stm32cubeide/plugins/com.st.stm32cube.ide.mcu.externaltools.gnu-tools-for-stm32.9-2020-q2-update.win32_2.0.0.202105311346/tools/bin/../lib/gcc/arm-none-eabi/9.3.1/thumb/v7e-m+fp/hard/crtbegin.o
 *(.text*)
 .text.HAL_TIM_PeriodElapsedCallback
                0x00000000080001c8       0xe0 ./Core/Src/main.o
                0x00000000080001c8                HAL_TIM_PeriodElapsedCallback
 .text.main     0x00000000080002a8       0x48 ./Core/Src/main.o
                0x00000000080002a8                main
 .text.SystemClock_Config
                0x00000000080002f0       0x8a ./Core/Src/main.o
                0x00000000080002f0                SystemClock_Config
 *fill*         0x000000000800037a        0x2 
 .text.MX_ADC1_Init
                0x000000000800037c       0xe0 ./Core/Src/main.o
 .text.MX_DAC1_Init
                0x000000000800045c       0x54 ./Core/Src/main.o
 .text.MX_TIM2_Init
                0x00000000080004b0       0x9c ./Core/Src/main.o
 .text.MX_USART2_UART_Init
                0x000000000800054c       0x60 ./Core/Src/main.o
 .text.MX_DMA_Init
                0x00000000080005ac       0x5c ./Core/Src/main.o
 .text.MX_GPIO_Init
                0x0000000008000608       0x48 ./Core/Src/main.o
 .text.HAL_ADC_ConvCpltCallback
                0x0000000008000650       0x14 ./Core/Src/main.o
                0x0000000008000650                HAL_ADC_ConvCpltCallback
 .text.Error_Handler
                0x0000000008000664        0xa ./Core/Src/main.o
                0x0000000008000664                Error_Handler
 *fill*         0x000000000800066e        0x2 
 .text.HAL_MspInit
                0x0000000008000670       0x48 ./Core/Src/stm32f3xx_hal_msp.o
                0x0000000008000670                HAL_MspInit
 .text.HAL_ADC_MspInit
                0x00000000080006b8       0xe0 ./Core/Src/stm32f3xx_hal_msp.o
                0x00000000080006b8                HAL_ADC_MspInit
 .text.HAL_DAC_MspInit
                0x0000000008000798       0x8c ./Core/Src/stm32f3xx_hal_msp.o
                0x0000000008000798                HAL_DAC_MspInit
 .text.HAL_DAC_MspDeInit
                0x0000000008000824       0x40 ./Core/Src/stm32f3xx_hal_msp.o
                0x0000000008000824                HAL_DAC_MspDeInit
 .text.HAL_TIM_Base_MspInit
                0x0000000008000864       0x48 ./Core/Src/stm32f3xx_hal_msp.o
                0x0000000008000864                HAL_TIM_Base_MspInit
 .text.HAL_UART_MspInit
                0x00000000080008ac      0x13c ./Core/Src/stm32f3xx_hal_msp.o
                0x00000000080008ac                HAL_UART_MspInit
 .text.NMI_Handler
                0x00000000080009e8        0x6 ./Core/Src/stm32f3xx_it.o
                0x00000000080009e8                NMI_Handler
 .text.HardFault_Handler
                0x00000000080009ee        0x6 ./Core/Src/stm32f3xx_it.o
                0x00000000080009ee                HardFault_Handler
 .text.MemManage_Handler
                0x00000000080009f4        0x6 ./Core/Src/stm32f3xx_it.o
                0x00000000080009f4                MemManage_Handler
 .text.BusFault_Handler
                0x00000000080009fa        0x6 ./Core/Src/stm32f3xx_it.o
                0x00000000080009fa                BusFault_Handler
 .text.UsageFault_Handler
                0x0000000008000a00        0x6 ./Core/Src/stm32f3xx_it.o
                0x0000000008000a00                UsageFault_Handler
 .text.SVC_Handler
                0x0000000008000a06        0xe ./Core/Src/stm32f3xx_it.o
                0x0000000008000a06                SVC_Handler
 .text.DebugMon_Handler
                0x0000000008000a14        0xe ./Core/Src/stm32f3xx_it.o
                0x0000000008000a14                DebugMon_Handler
 .text.PendSV_Handler
                0x0000000008000a22        0xe ./Core/Src/stm32f3xx_it.o
                0x0000000008000a22                PendSV_Handler
 .text.SysTick_Handler
                0x0000000008000a30        0xc ./Core/Src/stm32f3xx_it.o
                0x0000000008000a30                SysTick_Handler
 .text.DMA1_Channel1_IRQHandler
                0x0000000008000a3c       0x14 ./Core/Src/stm32f3xx_it.o
                0x0000000008000a3c                DMA1_Channel1_IRQHandler
 .text.DMA1_Channel6_IRQHandler
                0x0000000008000a50       0x14 ./Core/Src/stm32f3xx_it.o
                0x0000000008000a50                DMA1_Channel6_IRQHandler
 .text.DMA1_Channel7_IRQHandler
                0x0000000008000a64       0x14 ./Core/Src/stm32f3xx_it.o
                0x0000000008000a64                DMA1_Channel7_IRQHandler
 .text.ADC1_2_IRQHandler
                0x0000000008000a78       0x14 ./Core/Src/stm32f3xx_it.o
                0x0000000008000a78                ADC1_2_IRQHandler
 .text.TIM2_IRQHandler
                0x0000000008000a8c       0x14 ./Core/Src/stm32f3xx_it.o
                0x0000000008000a8c                TIM2_IRQHandler
 .text.USART2_IRQHandler
                0x0000000008000aa0       0x14 ./Core/Src/stm32f3xx_it.o
                0x0000000008000aa0                USART2_IRQHandler
 .text.TIM6_DAC1_IRQHandler
                0x0000000008000ab4       0x14 ./Core/Src/stm32f3xx_it.o
                0x0000000008000ab4                TIM6_DAC1_IRQHandler
 .text.SystemInit
                0x0000000008000ac8       0x24 ./Core/Src/system_stm32f3xx.o
                0x0000000008000ac8                SystemInit
 .text.Reset_Handler
                0x0000000008000aec       0x50 ./Core/Startup/startup_stm32f334r8tx.o
                0x0000000008000aec                Reset_Handler
 .text.Default_Handler
                0x0000000008000b3c        0x2 ./Core/Startup/startup_stm32f334r8tx.o
                0x0000000008000b3c                RTC_Alarm_IRQHandler
                0x0000000008000b3c                HRTIM1_Master_IRQHandler
                0x0000000008000b3c                TIM1_CC_IRQHandler
                0x0000000008000b3c                HRTIM1_FLT_IRQHandler
                0x0000000008000b3c                PVD_IRQHandler
                0x0000000008000b3c                HRTIM1_TIMD_IRQHandler
                0x0000000008000b3c                TAMP_STAMP_IRQHandler
                0x0000000008000b3c                EXTI3_IRQHandler
                0x0000000008000b3c                EXTI0_IRQHandler
                0x0000000008000b3c                FPU_IRQHandler
                0x0000000008000b3c                CAN_TX_IRQHandler
                0x0000000008000b3c                TIM1_UP_TIM16_IRQHandler
                0x0000000008000b3c                HRTIM1_TIME_IRQHandler
                0x0000000008000b3c                SPI1_IRQHandler
                0x0000000008000b3c                CAN_SCE_IRQHandler
                0x0000000008000b3c                HRTIM1_TIMC_IRQHandler
                0x0000000008000b3c                DMA1_Channel4_IRQHandler
                0x0000000008000b3c                USART3_IRQHandler
                0x0000000008000b3c                TIM7_DAC2_IRQHandler
                0x0000000008000b3c                CAN_RX1_IRQHandler
                0x0000000008000b3c                I2C1_EV_IRQHandler
                0x0000000008000b3c                TIM3_IRQHandler
                0x0000000008000b3c                RCC_IRQHandler
                0x0000000008000b3c                Default_Handler
                0x0000000008000b3c                EXTI15_10_IRQHandler
                0x0000000008000b3c                COMP2_IRQHandler
                0x0000000008000b3c                HRTIM1_TIMA_IRQHandler
                0x0000000008000b3c                EXTI9_5_IRQHandler
                0x0000000008000b3c                RTC_WKUP_IRQHandler
                0x0000000008000b3c                DMA1_Channel5_IRQHandler
                0x0000000008000b3c                EXTI4_IRQHandler
                0x0000000008000b3c                HRTIM1_TIMB_IRQHandler
                0x0000000008000b3c                TIM1_TRG_COM_TIM17_IRQHandler
                0x0000000008000b3c                DMA1_Channel3_IRQHandler
                0x0000000008000b3c                WWDG_IRQHandler
                0x0000000008000b3c                EXTI1_IRQHandler
                0x0000000008000b3c                COMP4_6_IRQHandler
                0x0000000008000b3c                DMA1_Channel2_IRQHandler
                0x0000000008000b3c                FLASH_IRQHandler
                0x0000000008000b3c                USART1_IRQHandler
                0x0000000008000b3c                CAN_RX0_IRQHandler
                0x0000000008000b3c                I2C1_ER_IRQHandler
                0x0000000008000b3c                EXTI2_TSC_IRQHandler
                0x0000000008000b3c                TIM1_BRK_TIM15_IRQHandler
 *fill*         0x0000000008000b3e        0x2 
 .text.HAL_Init
                0x0000000008000b40       0x2c ./Drivers/STM32F3xx_HAL_Driver/Src/stm32f3xx_hal.o
                0x0000000008000b40                HAL_Init
 .text.HAL_InitTick
                0x0000000008000b6c       0x60 ./Drivers/STM32F3xx_HAL_Driver/Src/stm32f3xx_hal.o
                0x0000000008000b6c                HAL_InitTick
 .text.HAL_IncTick
                0x0000000008000bcc       0x28 ./Drivers/STM32F3xx_HAL_Driver/Src/stm32f3xx_hal.o
                0x0000000008000bcc                HAL_IncTick
 .text.HAL_GetTick
                0x0000000008000bf4       0x18 ./Drivers/STM32F3xx_HAL_Driver/Src/stm32f3xx_hal.o
                0x0000000008000bf4                HAL_GetTick
 .text.HAL_ADC_ConvHalfCpltCallback
                0x0000000008000c0c       0x14 ./Drivers/STM32F3xx_HAL_Driver/Src/stm32f3xx_hal_adc.o
                0x0000000008000c0c                HAL_ADC_ConvHalfCpltCallback
 .text.HAL_ADC_LevelOutOfWindowCallback
                0x0000000008000c20       0x14 ./Drivers/STM32F3xx_HAL_Driver/Src/stm32f3xx_hal_adc.o
                0x0000000008000c20                HAL_ADC_LevelOutOfWindowCallback
 .text.HAL_ADC_ErrorCallback
                0x0000000008000c34       0x14 ./Drivers/STM32F3xx_HAL_Driver/Src/stm32f3xx_hal_adc.o
                0x0000000008000c34                HAL_ADC_ErrorCallback
 .text.HAL_ADC_Init
                0x0000000008000c48      0x380 ./Drivers/STM32F3xx_HAL_Driver/Src/stm32f3xx_hal_adc_ex.o
                0x0000000008000c48                HAL_ADC_Init
 .text.HAL_ADC_Start
                0x0000000008000fc8      0x16c ./Drivers/STM32F3xx_HAL_Driver/Src/stm32f3xx_hal_adc_ex.o
                0x0000000008000fc8                HAL_ADC_Start
 .text.HAL_ADC_GetValue
                0x0000000008001134       0x1a ./Drivers/STM32F3xx_HAL_Driver/Src/stm32f3xx_hal_adc_ex.o
                0x0000000008001134                HAL_ADC_GetValue
 *fill*         0x000000000800114e        0x2 
 .text.HAL_ADC_IRQHandler
                0x0000000008001150      0x448 ./Drivers/STM32F3xx_HAL_Driver/Src/stm32f3xx_hal_adc_ex.o
                0x0000000008001150                HAL_ADC_IRQHandler
 .text.HAL_ADCEx_InjectedConvCpltCallback
                0x0000000008001598       0x14 ./Drivers/STM32F3xx_HAL_Driver/Src/stm32f3xx_hal_adc_ex.o
                0x0000000008001598                HAL_ADCEx_InjectedConvCpltCallback
 .text.HAL_ADCEx_InjectedQueueOverflowCallback
                0x00000000080015ac       0x14 ./Drivers/STM32F3xx_HAL_Driver/Src/stm32f3xx_hal_adc_ex.o
                0x00000000080015ac                HAL_ADCEx_InjectedQueueOverflowCallback
 .text.HAL_ADCEx_LevelOutOfWindow2Callback
                0x00000000080015c0       0x14 ./Drivers/STM32F3xx_HAL_Driver/Src/stm32f3xx_hal_adc_ex.o
                0x00000000080015c0                HAL_ADCEx_LevelOutOfWindow2Callback
 .text.HAL_ADCEx_LevelOutOfWindow3Callback
                0x00000000080015d4       0x14 ./Drivers/STM32F3xx_HAL_Driver/Src/stm32f3xx_hal_adc_ex.o
                0x00000000080015d4                HAL_ADCEx_LevelOutOfWindow3Callback
 .text.HAL_ADC_ConfigChannel
                0x00000000080015e8      0x58c ./Drivers/STM32F3xx_HAL_Driver/Src/stm32f3xx_hal_adc_ex.o
                0x00000000080015e8                HAL_ADC_ConfigChannel
 .text.HAL_ADCEx_MultiModeConfigChannel
                0x0000000008001b74      0x18c ./Drivers/STM32F3xx_HAL_Driver/Src/stm32f3xx_hal_adc_ex.o
                0x0000000008001b74                HAL_ADCEx_MultiModeConfigChannel
 .text.ADC_Enable
                0x0000000008001d00       0xc8 ./Drivers/STM32F3xx_HAL_Driver/Src/stm32f3xx_hal_adc_ex.o
 .text.ADC_Disable
                0x0000000008001dc8       0xcc ./Drivers/STM32F3xx_HAL_Driver/Src/stm32f3xx_hal_adc_ex.o
 .text.__NVIC_SetPriorityGrouping
                0x0000000008001e94       0x48 ./Drivers/STM32F3xx_HAL_Driver/Src/stm32f3xx_hal_cortex.o
 .text.__NVIC_GetPriorityGrouping
                0x0000000008001edc       0x1c ./Drivers/STM32F3xx_HAL_Driver/Src/stm32f3xx_hal_cortex.o
 .text.__NVIC_EnableIRQ
                0x0000000008001ef8       0x3c ./Drivers/STM32F3xx_HAL_Driver/Src/stm32f3xx_hal_cortex.o
 .text.__NVIC_DisableIRQ
                0x0000000008001f34       0x48 ./Drivers/STM32F3xx_HAL_Driver/Src/stm32f3xx_hal_cortex.o
 .text.__NVIC_SetPriority
                0x0000000008001f7c       0x54 ./Drivers/STM32F3xx_HAL_Driver/Src/stm32f3xx_hal_cortex.o
 .text.NVIC_EncodePriority
                0x0000000008001fd0       0x66 ./Drivers/STM32F3xx_HAL_Driver/Src/stm32f3xx_hal_cortex.o
 *fill*         0x0000000008002036        0x2 
 .text.SysTick_Config
                0x0000000008002038       0x44 ./Drivers/STM32F3xx_HAL_Driver/Src/stm32f3xx_hal_cortex.o
 .text.HAL_NVIC_SetPriorityGrouping
                0x000000000800207c       0x16 ./Drivers/STM32F3xx_HAL_Driver/Src/stm32f3xx_hal_cortex.o
                0x000000000800207c                HAL_NVIC_SetPriorityGrouping
 .text.HAL_NVIC_SetPriority
                0x0000000008002092       0x38 ./Drivers/STM32F3xx_HAL_Driver/Src/stm32f3xx_hal_cortex.o
                0x0000000008002092                HAL_NVIC_SetPriority
 .text.HAL_NVIC_EnableIRQ
                0x00000000080020ca       0x1c ./Drivers/STM32F3xx_HAL_Driver/Src/stm32f3xx_hal_cortex.o
                0x00000000080020ca                HAL_NVIC_EnableIRQ
 .text.HAL_NVIC_DisableIRQ
                0x00000000080020e6       0x1c ./Drivers/STM32F3xx_HAL_Driver/Src/stm32f3xx_hal_cortex.o
                0x00000000080020e6                HAL_NVIC_DisableIRQ
 .text.HAL_SYSTICK_Config
                0x0000000008002102       0x18 ./Drivers/STM32F3xx_HAL_Driver/Src/stm32f3xx_hal_cortex.o
                0x0000000008002102                HAL_SYSTICK_Config
 *fill*         0x000000000800211a        0x2 
 .text.HAL_DAC_Init
                0x000000000800211c       0xbc ./Drivers/STM32F3xx_HAL_Driver/Src/stm32f3xx_hal_dac.o
                0x000000000800211c                HAL_DAC_Init
 .text.HAL_DAC_ConvCpltCallbackCh1
                0x00000000080021d8       0x14 ./Drivers/STM32F3xx_HAL_Driver/Src/stm32f3xx_hal_dac.o
                0x00000000080021d8                HAL_DAC_ConvCpltCallbackCh1
 .text.HAL_DAC_ConvHalfCpltCallbackCh1
                0x00000000080021ec       0x14 ./Drivers/STM32F3xx_HAL_Driver/Src/stm32f3xx_hal_dac.o
                0x00000000080021ec                HAL_DAC_ConvHalfCpltCallbackCh1
 .text.HAL_DAC_ErrorCallbackCh1
                0x0000000008002200       0x14 ./Drivers/STM32F3xx_HAL_Driver/Src/stm32f3xx_hal_dac.o
                0x0000000008002200                HAL_DAC_ErrorCallbackCh1
 .text.HAL_DAC_DMAUnderrunCallbackCh1
                0x0000000008002214       0x14 ./Drivers/STM32F3xx_HAL_Driver/Src/stm32f3xx_hal_dac.o
                0x0000000008002214                HAL_DAC_DMAUnderrunCallbackCh1
 .text.HAL_DAC_SetValue
                0x0000000008002228       0x4a ./Drivers/STM32F3xx_HAL_Driver/Src/stm32f3xx_hal_dac_ex.o
                0x0000000008002228                HAL_DAC_SetValue
 .text.HAL_DAC_Start
                0x0000000008002272       0x96 ./Drivers/STM32F3xx_HAL_Driver/Src/stm32f3xx_hal_dac_ex.o
                0x0000000008002272                HAL_DAC_Start
 .text.HAL_DAC_IRQHandler
                0x0000000008002308       0xb8 ./Drivers/STM32F3xx_HAL_Driver/Src/stm32f3xx_hal_dac_ex.o
                0x0000000008002308                HAL_DAC_IRQHandler
 .text.HAL_DAC_ConfigChannel
                0x00000000080023c0       0xd0 ./Drivers/STM32F3xx_HAL_Driver/Src/stm32f3xx_hal_dac_ex.o
                0x00000000080023c0                HAL_DAC_ConfigChannel
 .text.HAL_DACEx_ConvCpltCallbackCh2
                0x0000000008002490       0x14 ./Drivers/STM32F3xx_HAL_Driver/Src/stm32f3xx_hal_dac_ex.o
                0x0000000008002490                HAL_DACEx_ConvCpltCallbackCh2
 .text.HAL_DACEx_ConvHalfCpltCallbackCh2
                0x00000000080024a4       0x14 ./Drivers/STM32F3xx_HAL_Driver/Src/stm32f3xx_hal_dac_ex.o
                0x00000000080024a4                HAL_DACEx_ConvHalfCpltCallbackCh2
 .text.HAL_DACEx_ErrorCallbackCh2
                0x00000000080024b8       0x14 ./Drivers/STM32F3xx_HAL_Driver/Src/stm32f3xx_hal_dac_ex.o
                0x00000000080024b8                HAL_DACEx_ErrorCallbackCh2
 .text.HAL_DACEx_DMAUnderrunCallbackCh2
                0x00000000080024cc       0x14 ./Drivers/STM32F3xx_HAL_Driver/Src/stm32f3xx_hal_dac_ex.o
                0x00000000080024cc                HAL_DACEx_DMAUnderrunCallbackCh2
 .text.HAL_DMA_Init
                0x00000000080024e0       0x8e ./Drivers/STM32F3xx_HAL_Driver/Src/stm32f3xx_hal_dma.o
                0x00000000080024e0                HAL_DMA_Init
 .text.HAL_DMA_Abort
                0x000000000800256e       0x72 ./Drivers/STM32F3xx_HAL_Driver/Src/stm32f3xx_hal_dma.o
                0x000000000800256e                HAL_DMA_Abort
 .text.HAL_DMA_Abort_IT
                0x00000000080025e0       0x7c ./Drivers/STM32F3xx_HAL_Driver/Src/stm32f3xx_hal_dma.o
                0x00000000080025e0                HAL_DMA_Abort_IT
 .text.HAL_DMA_IRQHandler
                0x000000000800265c      0x146 ./Drivers/STM32F3xx_HAL_Driver/Src/stm32f3xx_hal_dma.o
                0x000000000800265c                HAL_DMA_IRQHandler
 *fill*         0x00000000080027a2        0x2 
 .text.DMA_CalcBaseAndBitshift
                0x00000000080027a4       0x40 ./Drivers/STM32F3xx_HAL_Driver/Src/stm32f3xx_hal_dma.o
 .text.HAL_GPIO_Init
                0x00000000080027e4      0x2e4 ./Drivers/STM32F3xx_HAL_Driver/Src/stm32f3xx_hal_gpio.o
                0x00000000080027e4                HAL_GPIO_Init
 .text.HAL_GPIO_DeInit
                0x0000000008002ac8      0x1a8 ./Drivers/STM32F3xx_HAL_Driver/Src/stm32f3xx_hal_gpio.o
                0x0000000008002ac8                HAL_GPIO_DeInit
 .text.HAL_RCC_OscConfig
                0x0000000008002c70      0xe10 ./Drivers/STM32F3xx_HAL_Driver/Src/stm32f3xx_hal_rcc.o
                0x0000000008002c70                HAL_RCC_OscConfig
 .text.HAL_RCC_ClockConfig
                0x0000000008003a80      0x2f8 ./Drivers/STM32F3xx_HAL_Driver/Src/stm32f3xx_hal_rcc.o
                0x0000000008003a80                HAL_RCC_ClockConfig
 .text.HAL_RCC_GetSysClockFreq
                0x0000000008003d78       0xd4 ./Drivers/STM32F3xx_HAL_Driver/Src/stm32f3xx_hal_rcc.o
                0x0000000008003d78                HAL_RCC_GetSysClockFreq
 .text.HAL_RCC_GetHCLKFreq
                0x0000000008003e4c       0x18 ./Drivers/STM32F3xx_HAL_Driver/Src/stm32f3xx_hal_rcc.o
                0x0000000008003e4c                HAL_RCC_GetHCLKFreq
 .text.HAL_RCC_GetPCLK1Freq
                0x0000000008003e64       0x44 ./Drivers/STM32F3xx_HAL_Driver/Src/stm32f3xx_hal_rcc.o
                0x0000000008003e64                HAL_RCC_GetPCLK1Freq
 .text.HAL_RCC_GetPCLK2Freq
                0x0000000008003ea8       0x44 ./Drivers/STM32F3xx_HAL_Driver/Src/stm32f3xx_hal_rcc.o
                0x0000000008003ea8                HAL_RCC_GetPCLK2Freq
 .text.HAL_TIM_Base_Init
                0x0000000008003eec       0xae ./Drivers/STM32F3xx_HAL_Driver/Src/stm32f3xx_hal_tim.o
                0x0000000008003eec                HAL_TIM_Base_Init
 *fill*         0x0000000008003f9a        0x2 
 .text.HAL_TIM_Base_Start_IT
                0x0000000008003f9c       0xb8 ./Drivers/STM32F3xx_HAL_Driver/Src/stm32f3xx_hal_tim.o
                0x0000000008003f9c                HAL_TIM_Base_Start_IT
 .text.HAL_TIM_IRQHandler
                0x0000000008004054      0x23e ./Drivers/STM32F3xx_HAL_Driver/Src/stm32f3xx_hal_tim.o
                0x0000000008004054                HAL_TIM_IRQHandler
 .text.HAL_TIM_ConfigClockSource
                0x0000000008004292      0x192 ./Drivers/STM32F3xx_HAL_Driver/Src/stm32f3xx_hal_tim.o
                0x0000000008004292                HAL_TIM_ConfigClockSource
 .text.HAL_TIM_OC_DelayElapsedCallback
                0x0000000008004424       0x14 ./Drivers/STM32F3xx_HAL_Driver/Src/stm32f3xx_hal_tim.o
                0x0000000008004424                HAL_TIM_OC_DelayElapsedCallback
 .text.HAL_TIM_IC_CaptureCallback
                0x0000000008004438       0x14 ./Drivers/STM32F3xx_HAL_Driver/Src/stm32f3xx_hal_tim.o
                0x0000000008004438                HAL_TIM_IC_CaptureCallback
 .text.HAL_TIM_PWM_PulseFinishedCallback
                0x000000000800444c       0x14 ./Drivers/STM32F3xx_HAL_Driver/Src/stm32f3xx_hal_tim.o
                0x000000000800444c                HAL_TIM_PWM_PulseFinishedCallback
 .text.HAL_TIM_TriggerCallback
                0x0000000008004460       0x14 ./Drivers/STM32F3xx_HAL_Driver/Src/stm32f3xx_hal_tim.o
                0x0000000008004460                HAL_TIM_TriggerCallback
 .text.TIM_Base_SetConfig
                0x0000000008004474       0xf0 ./Drivers/STM32F3xx_HAL_Driver/Src/stm32f3xx_hal_tim.o
                0x0000000008004474                TIM_Base_SetConfig
 .text.TIM_TI1_ConfigInputStage
                0x0000000008004564       0x5e ./Drivers/STM32F3xx_HAL_Driver/Src/stm32f3xx_hal_tim.o
 .text.TIM_TI2_ConfigInputStage
                0x00000000080045c2       0x60 ./Drivers/STM32F3xx_HAL_Driver/Src/stm32f3xx_hal_tim.o
 .text.TIM_ITRx_SetConfig
                0x0000000008004622       0x36 ./Drivers/STM32F3xx_HAL_Driver/Src/stm32f3xx_hal_tim.o
 .text.TIM_ETR_SetConfig
                0x0000000008004658       0x40 ./Drivers/STM32F3xx_HAL_Driver/Src/stm32f3xx_hal_tim.o
                0x0000000008004658                TIM_ETR_SetConfig
 .text.HAL_TIMEx_MasterConfigSynchronization
                0x0000000008004698       0xdc ./Drivers/STM32F3xx_HAL_Driver/Src/stm32f3xx_hal_tim_ex.o
                0x0000000008004698                HAL_TIMEx_MasterConfigSynchronization
 .text.HAL_TIMEx_CommutCallback
                0x0000000008004774       0x14 ./Drivers/STM32F3xx_HAL_Driver/Src/stm32f3xx_hal_tim_ex.o
                0x0000000008004774                HAL_TIMEx_CommutCallback
 .text.HAL_TIMEx_BreakCallback
                0x0000000008004788       0x14 ./Drivers/STM32F3xx_HAL_Driver/Src/stm32f3xx_hal_tim_ex.o
                0x0000000008004788                HAL_TIMEx_BreakCallback
 .text.HAL_TIMEx_Break2Callback
                0x000000000800479c       0x14 ./Drivers/STM32F3xx_HAL_Driver/Src/stm32f3xx_hal_tim_ex.o
                0x000000000800479c                HAL_TIMEx_Break2Callback
 .text.HAL_UART_Init
                0x00000000080047b0       0x9c ./Drivers/STM32F3xx_HAL_Driver/Src/stm32f3xx_hal_uart.o
                0x00000000080047b0                HAL_UART_Init
 .text.HAL_UART_IRQHandler
                0x000000000800484c      0x5bc ./Drivers/STM32F3xx_HAL_Driver/Src/stm32f3xx_hal_uart.o
                0x000000000800484c                HAL_UART_IRQHandler
 .text.HAL_UART_TxCpltCallback
                0x0000000008004e08       0x14 ./Drivers/STM32F3xx_HAL_Driver/Src/stm32f3xx_hal_uart.o
                0x0000000008004e08                HAL_UART_TxCpltCallback
 .text.HAL_UART_ErrorCallback
                0x0000000008004e1c       0x14 ./Drivers/STM32F3xx_HAL_Driver/Src/stm32f3xx_hal_uart.o
                0x0000000008004e1c                HAL_UART_ErrorCallback
 .text.HAL_UARTEx_RxEventCallback
                0x0000000008004e30       0x18 ./Drivers/STM32F3xx_HAL_Driver/Src/stm32f3xx_hal_uart.o
                0x0000000008004e30                HAL_UARTEx_RxEventCallback
 .text.UART_SetConfig
                0x0000000008004e48      0x26c ./Drivers/STM32F3xx_HAL_Driver/Src/stm32f3xx_hal_uart.o
                0x0000000008004e48                UART_SetConfig
 .text.UART_AdvFeatureConfig
                0x00000000080050b4      0x144 ./Drivers/STM32F3xx_HAL_Driver/Src/stm32f3xx_hal_uart.o
                0x00000000080050b4                UART_AdvFeatureConfig
 .text.UART_CheckIdleState
                0x00000000080051f8       0x92 ./Drivers/STM32F3xx_HAL_Driver/Src/stm32f3xx_hal_uart.o
                0x00000000080051f8                UART_CheckIdleState
 .text.UART_WaitOnFlagUntilTimeout
                0x000000000800528a      0x188 ./Drivers/STM32F3xx_HAL_Driver/Src/stm32f3xx_hal_uart.o
                0x000000000800528a                UART_WaitOnFlagUntilTimeout
 .text.UART_EndRxTransfer
                0x0000000008005412       0xc6 ./Drivers/STM32F3xx_HAL_Driver/Src/stm32f3xx_hal_uart.o
 .text.UART_DMAAbortOnError
                0x00000000080054d8       0x2c ./Drivers/STM32F3xx_HAL_Driver/Src/stm32f3xx_hal_uart.o
 .text.UART_EndTransmit_IT
                0x0000000008005504       0x54 ./Drivers/STM32F3xx_HAL_Driver/Src/stm32f3xx_hal_uart.o
 .text.HAL_UARTEx_WakeupCallback
                0x0000000008005558       0x14 ./Drivers/STM32F3xx_HAL_Driver/Src/stm32f3xx_hal_uart_ex.o
                0x0000000008005558                HAL_UARTEx_WakeupCallback
 .text.__libc_init_array
                0x000000000800556c       0x48 d:/cubemx/stm32cubeide_1.8.0/stm32cubeide/plugins/com.st.stm32cube.ide.mcu.externaltools.gnu-tools-for-stm32.9-2020-q2-update.win32_2.0.0.202105311346/tools/bin/../lib/gcc/arm-none-eabi/9.3.1/../../../../arm-none-eabi/lib/thumb/v7e-m+fp/hard\libc_nano.a(lib_a-init.o)
                0x000000000800556c                __libc_init_array
 .text.memset   0x00000000080055b4       0x10 d:/cubemx/stm32cubeide_1.8.0/stm32cubeide/plugins/com.st.stm32cube.ide.mcu.externaltools.gnu-tools-for-stm32.9-2020-q2-update.win32_2.0.0.202105311346/tools/bin/../lib/gcc/arm-none-eabi/9.3.1/../../../../arm-none-eabi/lib/thumb/v7e-m+fp/hard\libc_nano.a(lib_a-memset.o)
                0x00000000080055b4                memset
 *(.glue_7)
 .glue_7        0x00000000080055c4        0x0 linker stubs
 *(.glue_7t)
 .glue_7t       0x00000000080055c4        0x0 linker stubs
 *(.eh_frame)
 .eh_frame      0x00000000080055c4        0x0 d:/cubemx/stm32cubeide_1.8.0/stm32cubeide/plugins/com.st.stm32cube.ide.mcu.externaltools.gnu-tools-for-stm32.9-2020-q2-update.win32_2.0.0.202105311346/tools/bin/../lib/gcc/arm-none-eabi/9.3.1/thumb/v7e-m+fp/hard/crtbegin.o
 *(.init)
 .init          0x00000000080055c4        0x4 d:/cubemx/stm32cubeide_1.8.0/stm32cubeide/plugins/com.st.stm32cube.ide.mcu.externaltools.gnu-tools-for-stm32.9-2020-q2-update.win32_2.0.0.202105311346/tools/bin/../lib/gcc/arm-none-eabi/9.3.1/thumb/v7e-m+fp/hard/crti.o
                0x00000000080055c4                _init
 .init          0x00000000080055c8        0x8 d:/cubemx/stm32cubeide_1.8.0/stm32cubeide/plugins/com.st.stm32cube.ide.mcu.externaltools.gnu-tools-for-stm32.9-2020-q2-update.win32_2.0.0.202105311346/tools/bin/../lib/gcc/arm-none-eabi/9.3.1/thumb/v7e-m+fp/hard/crtn.o
 *(.fini)
 .fini          0x00000000080055d0        0x4 d:/cubemx/stm32cubeide_1.8.0/stm32cubeide/plugins/com.st.stm32cube.ide.mcu.externaltools.gnu-tools-for-stm32.9-2020-q2-update.win32_2.0.0.202105311346/tools/bin/../lib/gcc/arm-none-eabi/9.3.1/thumb/v7e-m+fp/hard/crti.o
                0x00000000080055d0                _fini
 .fini          0x00000000080055d4        0x8 d:/cubemx/stm32cubeide_1.8.0/stm32cubeide/plugins/com.st.stm32cube.ide.mcu.externaltools.gnu-tools-for-stm32.9-2020-q2-update.win32_2.0.0.202105311346/tools/bin/../lib/gcc/arm-none-eabi/9.3.1/thumb/v7e-m+fp/hard/crtn.o
                0x00000000080055dc                . = ALIGN (0x4)
                0x00000000080055dc                _etext = .

.vfp11_veneer   0x00000000080055dc        0x0
 .vfp11_veneer  0x00000000080055dc        0x0 linker stubs

.v4_bx          0x00000000080055dc        0x0
 .v4_bx         0x00000000080055dc        0x0 linker stubs

.iplt           0x00000000080055dc        0x0
 .iplt          0x00000000080055dc        0x0 d:/cubemx/stm32cubeide_1.8.0/stm32cubeide/plugins/com.st.stm32cube.ide.mcu.externaltools.gnu-tools-for-stm32.9-2020-q2-update.win32_2.0.0.202105311346/tools/bin/../lib/gcc/arm-none-eabi/9.3.1/thumb/v7e-m+fp/hard/crtbegin.o

.rodata         0x00000000080055dc       0x38
                0x00000000080055dc                . = ALIGN (0x4)
 *(.rodata)
 *(.rodata*)
 .rodata.AHBPrescTable
                0x00000000080055dc       0x10 ./Core/Src/system_stm32f3xx.o
                0x00000000080055dc                AHBPrescTable
 .rodata.APBPrescTable
                0x00000000080055ec        0x8 ./Core/Src/system_stm32f3xx.o
                0x00000000080055ec                APBPrescTable
 .rodata.aPLLMULFactorTable
                0x00000000080055f4       0x10 ./Drivers/STM32F3xx_HAL_Driver/Src/stm32f3xx_hal_rcc.o
                0x00000000080055f4                aPLLMULFactorTable
 .rodata.aPredivFactorTable
                0x0000000008005604       0x10 ./Drivers/STM32F3xx_HAL_Driver/Src/stm32f3xx_hal_rcc.o
                0x0000000008005604                aPredivFactorTable
                0x0000000008005614                . = ALIGN (0x4)

.rel.dyn        0x0000000008005614        0x0
 .rel.iplt      0x0000000008005614        0x0 d:/cubemx/stm32cubeide_1.8.0/stm32cubeide/plugins/com.st.stm32cube.ide.mcu.externaltools.gnu-tools-for-stm32.9-2020-q2-update.win32_2.0.0.202105311346/tools/bin/../lib/gcc/arm-none-eabi/9.3.1/thumb/v7e-m+fp/hard/crtbegin.o

.ARM.extab      0x0000000008005614        0x0
                0x0000000008005614                . = ALIGN (0x4)
 *(.ARM.extab* .gnu.linkonce.armextab.*)
                0x0000000008005614                . = ALIGN (0x4)

.ARM            0x0000000008005614        0x0
                0x0000000008005614                . = ALIGN (0x4)
                0x0000000008005614                __exidx_start = .
 *(.ARM.exidx*)
                0x0000000008005614                __exidx_end = .
                0x0000000008005614                . = ALIGN (0x4)

.preinit_array  0x0000000008005614        0x0
                0x0000000008005614                . = ALIGN (0x4)
                0x0000000008005614                PROVIDE (__preinit_array_start = .)
 *(.preinit_array*)
                0x0000000008005614                PROVIDE (__preinit_array_end = .)
                0x0000000008005614                . = ALIGN (0x4)

.init_array     0x0000000008005614        0x4
                0x0000000008005614                . = ALIGN (0x4)
                0x0000000008005614                PROVIDE (__init_array_start = .)
 *(SORT_BY_NAME(.init_array.*))
 *(.init_array*)
 .init_array    0x0000000008005614        0x4 d:/cubemx/stm32cubeide_1.8.0/stm32cubeide/plugins/com.st.stm32cube.ide.mcu.externaltools.gnu-tools-for-stm32.9-2020-q2-update.win32_2.0.0.202105311346/tools/bin/../lib/gcc/arm-none-eabi/9.3.1/thumb/v7e-m+fp/hard/crtbegin.o
                0x0000000008005618                PROVIDE (__init_array_end = .)
                0x0000000008005618                . = ALIGN (0x4)

.fini_array     0x0000000008005618        0x4
                0x0000000008005618                . = ALIGN (0x4)
                [!provide]                        PROVIDE (__fini_array_start = .)
 *(SORT_BY_NAME(.fini_array.*))
 *(.fini_array*)
 .fini_array    0x0000000008005618        0x4 d:/cubemx/stm32cubeide_1.8.0/stm32cubeide/plugins/com.st.stm32cube.ide.mcu.externaltools.gnu-tools-for-stm32.9-2020-q2-update.win32_2.0.0.202105311346/tools/bin/../lib/gcc/arm-none-eabi/9.3.1/thumb/v7e-m+fp/hard/crtbegin.o
                [!provide]                        PROVIDE (__fini_array_end = .)
                0x000000000800561c                . = ALIGN (0x4)
                0x000000000800561c                _sidata = LOADADDR (.data)

.data           0x0000000020000000      0x4c0 load address 0x000000000800561c
                0x0000000020000000                . = ALIGN (0x4)
                0x0000000020000000                _sdata = .
 *(.data)
 *(.data*)
 .data.h        0x0000000020000000      0x4b4 ./Core/Src/main.o
                0x0000000020000000                h
 .data.SystemCoreClock
                0x00000000200004b4        0x4 ./Core/Src/system_stm32f3xx.o
                0x00000000200004b4                SystemCoreClock
 .data.uwTickPrio
                0x00000000200004b8        0x4 ./Drivers/STM32F3xx_HAL_Driver/Src/stm32f3xx_hal.o
                0x00000000200004b8                uwTickPrio
 .data.uwTickFreq
                0x00000000200004bc        0x1 ./Drivers/STM32F3xx_HAL_Driver/Src/stm32f3xx_hal.o
                0x00000000200004bc                uwTickFreq
 *(.RamFunc)
 *(.RamFunc*)
                0x00000000200004c0                . = ALIGN (0x4)
 *fill*         0x00000000200004bd        0x3 
                0x00000000200004c0                _edata = .
                0x0000000008005adc                _siccmram = LOADADDR (.ccmram)

.igot.plt       0x00000000200004c0        0x0 load address 0x0000000008005adc
 .igot.plt      0x00000000200004c0        0x0 d:/cubemx/stm32cubeide_1.8.0/stm32cubeide/plugins/com.st.stm32cube.ide.mcu.externaltools.gnu-tools-for-stm32.9-2020-q2-update.win32_2.0.0.202105311346/tools/bin/../lib/gcc/arm-none-eabi/9.3.1/thumb/v7e-m+fp/hard/crtbegin.o

.ccmram         0x0000000010000000        0x0 load address 0x0000000008005adc
                0x0000000010000000                . = ALIGN (0x4)
                0x0000000010000000                _sccmram = .
 *(.ccmram)
 *(.ccmram*)
                0x0000000010000000                . = ALIGN (0x4)
                0x0000000010000000                _eccmram = .
                0x0000000010000000                . = ALIGN (0x4)

.bss            0x00000000200004c0      0x720
                0x00000000200004c0                _sbss = .
                0x00000000200004c0                __bss_start__ = _sbss
 *(.bss)
 .bss           0x00000000200004c0       0x1c d:/cubemx/stm32cubeide_1.8.0/stm32cubeide/plugins/com.st.stm32cube.ide.mcu.externaltools.gnu-tools-for-stm32.9-2020-q2-update.win32_2.0.0.202105311346/tools/bin/../lib/gcc/arm-none-eabi/9.3.1/thumb/v7e-m+fp/hard/crtbegin.o
 *(.bss*)
 .bss.adc_value
                0x00000000200004dc        0x4 ./Core/Src/main.o
                0x00000000200004dc                adc_value
 .bss.j         0x00000000200004e0        0x4 ./Core/Src/main.o
                0x00000000200004e0                j
 *(COMMON)
 COMMON         0x00000000200004e4      0x6f8 ./Core/Src/main.o
                0x00000000200004e4                hdma_usart2_rx
                0x0000000020000528                x
                0x00000000200009dc                hdac1
                0x0000000020000a18                hadc1
                0x0000000020000a84                hdma_usart2_tx
                0x0000000020000ac8                hdma_adc1
                0x0000000020000b0c                htim2
                0x0000000020000b58                huart2
 COMMON         0x0000000020000bdc        0x4 ./Drivers/STM32F3xx_HAL_Driver/Src/stm32f3xx_hal.o
                0x0000000020000bdc                uwTick
                0x0000000020000be0                . = ALIGN (0x4)
                0x0000000020000be0                _ebss = .
                0x0000000020000be0                __bss_end__ = _ebss

._user_heap_stack
                0x0000000020000be0      0x600
                0x0000000020000be0                . = ALIGN (0x8)
                [!provide]                        PROVIDE (end = .)
                0x0000000020000be0                PROVIDE (_end = .)
                0x0000000020000de0                . = (. + _Min_Heap_Size)
 *fill*         0x0000000020000be0      0x200 
                0x00000000200011e0                . = (. + _Min_Stack_Size)
 *fill*         0x0000000020000de0      0x400 
                0x00000000200011e0                . = ALIGN (0x8)

/DISCARD/
 libc.a(*)
 libm.a(*)
 libgcc.a(*)

.ARM.attributes
                0x0000000000000000       0x30
 *(.ARM.attributes)
 .ARM.attributes
                0x0000000000000000       0x1e d:/cubemx/stm32cubeide_1.8.0/stm32cubeide/plugins/com.st.stm32cube.ide.mcu.externaltools.gnu-tools-for-stm32.9-2020-q2-update.win32_2.0.0.202105311346/tools/bin/../lib/gcc/arm-none-eabi/9.3.1/thumb/v7e-m+fp/hard/crti.o
 .ARM.attributes
                0x000000000000001e       0x34 d:/cubemx/stm32cubeide_1.8.0/stm32cubeide/plugins/com.st.stm32cube.ide.mcu.externaltools.gnu-tools-for-stm32.9-2020-q2-update.win32_2.0.0.202105311346/tools/bin/../lib/gcc/arm-none-eabi/9.3.1/thumb/v7e-m+fp/hard/crtbegin.o
 .ARM.attributes
                0x0000000000000052       0x34 ./Core/Src/main.o
 .ARM.attributes
                0x0000000000000086       0x34 ./Core/Src/stm32f3xx_hal_msp.o
 .ARM.attributes
                0x00000000000000ba       0x34 ./Core/Src/stm32f3xx_it.o
 .ARM.attributes
                0x00000000000000ee       0x34 ./Core/Src/system_stm32f3xx.o
 .ARM.attributes
                0x0000000000000122       0x21 ./Core/Startup/startup_stm32f334r8tx.o
 .ARM.attributes
                0x0000000000000143       0x34 ./Drivers/STM32F3xx_HAL_Driver/Src/stm32f3xx_hal.o
 .ARM.attributes
                0x0000000000000177       0x34 ./Drivers/STM32F3xx_HAL_Driver/Src/stm32f3xx_hal_adc.o
 .ARM.attributes
                0x00000000000001ab       0x34 ./Drivers/STM32F3xx_HAL_Driver/Src/stm32f3xx_hal_adc_ex.o
 .ARM.attributes
                0x00000000000001df       0x34 ./Drivers/STM32F3xx_HAL_Driver/Src/stm32f3xx_hal_cortex.o
 .ARM.attributes
                0x0000000000000213       0x34 ./Drivers/STM32F3xx_HAL_Driver/Src/stm32f3xx_hal_dac.o
 .ARM.attributes
                0x0000000000000247       0x34 ./Drivers/STM32F3xx_HAL_Driver/Src/stm32f3xx_hal_dac_ex.o
 .ARM.attributes
                0x000000000000027b       0x34 ./Drivers/STM32F3xx_HAL_Driver/Src/stm32f3xx_hal_dma.o
 .ARM.attributes
                0x00000000000002af       0x34 ./Drivers/STM32F3xx_HAL_Driver/Src/stm32f3xx_hal_gpio.o
 .ARM.attributes
                0x00000000000002e3       0x34 ./Drivers/STM32F3xx_HAL_Driver/Src/stm32f3xx_hal_rcc.o
 .ARM.attributes
                0x0000000000000317       0x34 ./Drivers/STM32F3xx_HAL_Driver/Src/stm32f3xx_hal_tim.o
 .ARM.attributes
                0x000000000000034b       0x34 ./Drivers/STM32F3xx_HAL_Driver/Src/stm32f3xx_hal_tim_ex.o
 .ARM.attributes
                0x000000000000037f       0x34 ./Drivers/STM32F3xx_HAL_Driver/Src/stm32f3xx_hal_uart.o
 .ARM.attributes
                0x00000000000003b3       0x34 ./Drivers/STM32F3xx_HAL_Driver/Src/stm32f3xx_hal_uart_ex.o
 .ARM.attributes
                0x00000000000003e7       0x34 d:/cubemx/stm32cubeide_1.8.0/stm32cubeide/plugins/com.st.stm32cube.ide.mcu.externaltools.gnu-tools-for-stm32.9-2020-q2-update.win32_2.0.0.202105311346/tools/bin/../lib/gcc/arm-none-eabi/9.3.1/../../../../arm-none-eabi/lib/thumb/v7e-m+fp/hard\libc_nano.a(lib_a-init.o)
 .ARM.attributes
                0x000000000000041b       0x34 d:/cubemx/stm32cubeide_1.8.0/stm32cubeide/plugins/com.st.stm32cube.ide.mcu.externaltools.gnu-tools-for-stm32.9-2020-q2-update.win32_2.0.0.202105311346/tools/bin/../lib/gcc/arm-none-eabi/9.3.1/../../../../arm-none-eabi/lib/thumb/v7e-m+fp/hard\libc_nano.a(lib_a-memset.o)
 .ARM.attributes
                0x000000000000044f       0x1e d:/cubemx/stm32cubeide_1.8.0/stm32cubeide/plugins/com.st.stm32cube.ide.mcu.externaltools.gnu-tools-for-stm32.9-2020-q2-update.win32_2.0.0.202105311346/tools/bin/../lib/gcc/arm-none-eabi/9.3.1/thumb/v7e-m+fp/hard/crtn.o
OUTPUT(project_zzum2.elf elf32-littlearm)
LOAD linker stubs
LOAD d:/cubemx/stm32cubeide_1.8.0/stm32cubeide/plugins/com.st.stm32cube.ide.mcu.externaltools.gnu-tools-for-stm32.9-2020-q2-update.win32_2.0.0.202105311346/tools/bin/../lib/gcc/arm-none-eabi/9.3.1/../../../../arm-none-eabi/lib/thumb/v7e-m+fp/hard\libc.a
LOAD d:/cubemx/stm32cubeide_1.8.0/stm32cubeide/plugins/com.st.stm32cube.ide.mcu.externaltools.gnu-tools-for-stm32.9-2020-q2-update.win32_2.0.0.202105311346/tools/bin/../lib/gcc/arm-none-eabi/9.3.1/../../../../arm-none-eabi/lib/thumb/v7e-m+fp/hard\libm.a
LOAD d:/cubemx/stm32cubeide_1.8.0/stm32cubeide/plugins/com.st.stm32cube.ide.mcu.externaltools.gnu-tools-for-stm32.9-2020-q2-update.win32_2.0.0.202105311346/tools/bin/../lib/gcc/arm-none-eabi/9.3.1/thumb/v7e-m+fp/hard\libgcc.a

.debug_info     0x0000000000000000    0x15940
 .debug_info    0x0000000000000000     0x21b3 ./Core/Src/main.o
 .debug_info    0x00000000000021b3     0x1f8d ./Core/Src/stm32f3xx_hal_msp.o
 .debug_info    0x0000000000004140     0x1249 ./Core/Src/stm32f3xx_it.o
 .debug_info    0x0000000000005389      0x49a ./Core/Src/system_stm32f3xx.o
 .debug_info    0x0000000000005823       0x22 ./Core/Startup/startup_stm32f334r8tx.o
 .debug_info    0x0000000000005845      0x7dd ./Drivers/STM32F3xx_HAL_Driver/Src/stm32f3xx_hal.o
 .debug_info    0x0000000000006022      0xe09 ./Drivers/STM32F3xx_HAL_Driver/Src/stm32f3xx_hal_adc.o
 .debug_info    0x0000000000006e2b     0x1739 ./Drivers/STM32F3xx_HAL_Driver/Src/stm32f3xx_hal_adc_ex.o
 .debug_info    0x0000000000008564      0xc09 ./Drivers/STM32F3xx_HAL_Driver/Src/stm32f3xx_hal_cortex.o
 .debug_info    0x000000000000916d      0xb3c ./Drivers/STM32F3xx_HAL_Driver/Src/stm32f3xx_hal_dac.o
 .debug_info    0x0000000000009ca9      0xb74 ./Drivers/STM32F3xx_HAL_Driver/Src/stm32f3xx_hal_dac_ex.o
 .debug_info    0x000000000000a81d      0x839 ./Drivers/STM32F3xx_HAL_Driver/Src/stm32f3xx_hal_dma.o
 .debug_info    0x000000000000b056      0x83d ./Drivers/STM32F3xx_HAL_Driver/Src/stm32f3xx_hal_gpio.o
 .debug_info    0x000000000000b893     0x15b5 ./Drivers/STM32F3xx_HAL_Driver/Src/stm32f3xx_hal_rcc.o
 .debug_info    0x000000000000ce48     0x2cf6 ./Drivers/STM32F3xx_HAL_Driver/Src/stm32f3xx_hal_tim.o
 .debug_info    0x000000000000fb3e     0x163e ./Drivers/STM32F3xx_HAL_Driver/Src/stm32f3xx_hal_tim_ex.o
 .debug_info    0x000000000001117c     0x3af9 ./Drivers/STM32F3xx_HAL_Driver/Src/stm32f3xx_hal_uart.o
 .debug_info    0x0000000000014c75      0xccb ./Drivers/STM32F3xx_HAL_Driver/Src/stm32f3xx_hal_uart_ex.o

.debug_abbrev   0x0000000000000000     0x26c0
 .debug_abbrev  0x0000000000000000      0x33c ./Core/Src/main.o
 .debug_abbrev  0x000000000000033c      0x272 ./Core/Src/stm32f3xx_hal_msp.o
 .debug_abbrev  0x00000000000005ae      0x1a1 ./Core/Src/stm32f3xx_it.o
 .debug_abbrev  0x000000000000074f      0x145 ./Core/Src/system_stm32f3xx.o
 .debug_abbrev  0x0000000000000894       0x12 ./Core/Startup/startup_stm32f334r8tx.o
 .debug_abbrev  0x00000000000008a6      0x1ed ./Drivers/STM32F3xx_HAL_Driver/Src/stm32f3xx_hal.o
 .debug_abbrev  0x0000000000000a93      0x1b8 ./Drivers/STM32F3xx_HAL_Driver/Src/stm32f3xx_hal_adc.o
 .debug_abbrev  0x0000000000000c4b      0x253 ./Drivers/STM32F3xx_HAL_Driver/Src/stm32f3xx_hal_adc_ex.o
 .debug_abbrev  0x0000000000000e9e      0x313 ./Drivers/STM32F3xx_HAL_Driver/Src/stm32f3xx_hal_cortex.o
 .debug_abbrev  0x00000000000011b1      0x1c5 ./Drivers/STM32F3xx_HAL_Driver/Src/stm32f3xx_hal_dac.o
 .debug_abbrev  0x0000000000001376      0x25d ./Drivers/STM32F3xx_HAL_Driver/Src/stm32f3xx_hal_dac_ex.o
 .debug_abbrev  0x00000000000015d3      0x228 ./Drivers/STM32F3xx_HAL_Driver/Src/stm32f3xx_hal_dma.o
 .debug_abbrev  0x00000000000017fb      0x1e8 ./Drivers/STM32F3xx_HAL_Driver/Src/stm32f3xx_hal_gpio.o
 .debug_abbrev  0x00000000000019e3      0x2c4 ./Drivers/STM32F3xx_HAL_Driver/Src/stm32f3xx_hal_rcc.o
 .debug_abbrev  0x0000000000001ca7      0x25e ./Drivers/STM32F3xx_HAL_Driver/Src/stm32f3xx_hal_tim.o
 .debug_abbrev  0x0000000000001f05      0x266 ./Drivers/STM32F3xx_HAL_Driver/Src/stm32f3xx_hal_tim_ex.o
 .debug_abbrev  0x000000000000216b      0x2b3 ./Drivers/STM32F3xx_HAL_Driver/Src/stm32f3xx_hal_uart.o
 .debug_abbrev  0x000000000000241e      0x2a2 ./Drivers/STM32F3xx_HAL_Driver/Src/stm32f3xx_hal_uart_ex.o

.debug_aranges  0x0000000000000000     0x1098
 .debug_aranges
                0x0000000000000000       0x70 ./Core/Src/main.o
 .debug_aranges
                0x0000000000000070       0x60 ./Core/Src/stm32f3xx_hal_msp.o
 .debug_aranges
                0x00000000000000d0       0x98 ./Core/Src/stm32f3xx_it.o
 .debug_aranges
                0x0000000000000168       0x28 ./Core/Src/system_stm32f3xx.o
 .debug_aranges
                0x0000000000000190       0x28 ./Core/Startup/startup_stm32f334r8tx.o
 .debug_aranges
                0x00000000000001b8       0xe0 ./Drivers/STM32F3xx_HAL_Driver/Src/stm32f3xx_hal.o
 .debug_aranges
                0x0000000000000298       0xd8 ./Drivers/STM32F3xx_HAL_Driver/Src/stm32f3xx_hal_adc.o
 .debug_aranges
                0x0000000000000370      0x168 ./Drivers/STM32F3xx_HAL_Driver/Src/stm32f3xx_hal_adc_ex.o
 .debug_aranges
                0x00000000000004d8      0x100 ./Drivers/STM32F3xx_HAL_Driver/Src/stm32f3xx_hal_cortex.o
 .debug_aranges
                0x00000000000005d8       0xb8 ./Drivers/STM32F3xx_HAL_Driver/Src/stm32f3xx_hal_dac.o
 .debug_aranges
                0x0000000000000690       0xb8 ./Drivers/STM32F3xx_HAL_Driver/Src/stm32f3xx_hal_dac_ex.o
 .debug_aranges
                0x0000000000000748       0x88 ./Drivers/STM32F3xx_HAL_Driver/Src/stm32f3xx_hal_dma.o
 .debug_aranges
                0x00000000000007d0       0x58 ./Drivers/STM32F3xx_HAL_Driver/Src/stm32f3xx_hal_gpio.o
 .debug_aranges
                0x0000000000000828       0x88 ./Drivers/STM32F3xx_HAL_Driver/Src/stm32f3xx_hal_rcc.o
 .debug_aranges
                0x00000000000008b0      0x3e0 ./Drivers/STM32F3xx_HAL_Driver/Src/stm32f3xx_hal_tim.o
 .debug_aranges
                0x0000000000000c90      0x178 ./Drivers/STM32F3xx_HAL_Driver/Src/stm32f3xx_hal_tim_ex.o
 .debug_aranges
                0x0000000000000e08      0x228 ./Drivers/STM32F3xx_HAL_Driver/Src/stm32f3xx_hal_uart.o
 .debug_aranges
                0x0000000000001030       0x68 ./Drivers/STM32F3xx_HAL_Driver/Src/stm32f3xx_hal_uart_ex.o

.debug_ranges   0x0000000000000000      0xfb0
 .debug_ranges  0x0000000000000000       0x60 ./Core/Src/main.o
 .debug_ranges  0x0000000000000060       0x50 ./Core/Src/stm32f3xx_hal_msp.o
 .debug_ranges  0x00000000000000b0       0x88 ./Core/Src/stm32f3xx_it.o
 .debug_ranges  0x0000000000000138       0x18 ./Core/Src/system_stm32f3xx.o
 .debug_ranges  0x0000000000000150       0x20 ./Core/Startup/startup_stm32f334r8tx.o
 .debug_ranges  0x0000000000000170       0xd0 ./Drivers/STM32F3xx_HAL_Driver/Src/stm32f3xx_hal.o
 .debug_ranges  0x0000000000000240       0xc8 ./Drivers/STM32F3xx_HAL_Driver/Src/stm32f3xx_hal_adc.o
 .debug_ranges  0x0000000000000308      0x158 ./Drivers/STM32F3xx_HAL_Driver/Src/stm32f3xx_hal_adc_ex.o
 .debug_ranges  0x0000000000000460       0xf0 ./Drivers/STM32F3xx_HAL_Driver/Src/stm32f3xx_hal_cortex.o
 .debug_ranges  0x0000000000000550       0xa8 ./Drivers/STM32F3xx_HAL_Driver/Src/stm32f3xx_hal_dac.o
 .debug_ranges  0x00000000000005f8       0xa8 ./Drivers/STM32F3xx_HAL_Driver/Src/stm32f3xx_hal_dac_ex.o
 .debug_ranges  0x00000000000006a0       0x78 ./Drivers/STM32F3xx_HAL_Driver/Src/stm32f3xx_hal_dma.o
 .debug_ranges  0x0000000000000718       0x48 ./Drivers/STM32F3xx_HAL_Driver/Src/stm32f3xx_hal_gpio.o
 .debug_ranges  0x0000000000000760       0x78 ./Drivers/STM32F3xx_HAL_Driver/Src/stm32f3xx_hal_rcc.o
 .debug_ranges  0x00000000000007d8      0x3d0 ./Drivers/STM32F3xx_HAL_Driver/Src/stm32f3xx_hal_tim.o
 .debug_ranges  0x0000000000000ba8      0x168 ./Drivers/STM32F3xx_HAL_Driver/Src/stm32f3xx_hal_tim_ex.o
 .debug_ranges  0x0000000000000d10      0x248 ./Drivers/STM32F3xx_HAL_Driver/Src/stm32f3xx_hal_uart.o
 .debug_ranges  0x0000000000000f58       0x58 ./Drivers/STM32F3xx_HAL_Driver/Src/stm32f3xx_hal_uart_ex.o

.debug_macro    0x0000000000000000    0x218c9
 .debug_macro   0x0000000000000000      0x392 ./Core/Src/main.o
 .debug_macro   0x0000000000000392      0xaa8 ./Core/Src/main.o
 .debug_macro   0x0000000000000e3a      0x163 ./Core/Src/main.o
 .debug_macro   0x0000000000000f9d       0x2e ./Core/Src/main.o
 .debug_macro   0x0000000000000fcb       0x28 ./Core/Src/main.o
 .debug_macro   0x0000000000000ff3       0x22 ./Core/Src/main.o
 .debug_macro   0x0000000000001015       0x8e ./Core/Src/main.o
 .debug_macro   0x00000000000010a3       0x51 ./Core/Src/main.o
 .debug_macro   0x00000000000010f4      0x103 ./Core/Src/main.o
 .debug_macro   0x00000000000011f7       0x6a ./Core/Src/main.o
 .debug_macro   0x0000000000001261      0x1df ./Core/Src/main.o
 .debug_macro   0x0000000000001440       0x1c ./Core/Src/main.o
 .debug_macro   0x000000000000145c       0x22 ./Core/Src/main.o
 .debug_macro   0x000000000000147e       0xdf ./Core/Src/main.o
 .debug_macro   0x000000000000155d      0xf07 ./Core/Src/main.o
 .debug_macro   0x0000000000002464    0x1585b ./Core/Src/main.o
 .debug_macro   0x0000000000017cbf       0x6d ./Core/Src/main.o
 .debug_macro   0x0000000000017d2c     0x3540 ./Core/Src/main.o
 .debug_macro   0x000000000001b26c      0x174 ./Core/Src/main.o
 .debug_macro   0x000000000001b3e0       0x55 ./Core/Src/main.o
 .debug_macro   0x000000000001b435      0x8f9 ./Core/Src/main.o
 .debug_macro   0x000000000001bd2e      0x358 ./Core/Src/main.o
 .debug_macro   0x000000000001c086      0x1b6 ./Core/Src/main.o
 .debug_macro   0x000000000001c23c      0x130 ./Core/Src/main.o
 .debug_macro   0x000000000001c36c      0x1d5 ./Core/Src/main.o
 .debug_macro   0x000000000001c541      0x1bc ./Core/Src/main.o
 .debug_macro   0x000000000001c6fd       0x34 ./Core/Src/main.o
 .debug_macro   0x000000000001c731       0x3c ./Core/Src/main.o
 .debug_macro   0x000000000001c76d       0x57 ./Core/Src/main.o
 .debug_macro   0x000000000001c7c4      0x84c ./Core/Src/main.o
 .debug_macro   0x000000000001d010       0x77 ./Core/Src/main.o
 .debug_macro   0x000000000001d087      0x192 ./Core/Src/main.o
 .debug_macro   0x000000000001d219       0x73 ./Core/Src/main.o
 .debug_macro   0x000000000001d28c       0xc5 ./Core/Src/main.o
 .debug_macro   0x000000000001d351      0x19f ./Core/Src/main.o
 .debug_macro   0x000000000001d4f0      0x22c ./Core/Src/main.o
 .debug_macro   0x000000000001d71c       0x5b ./Core/Src/main.o
 .debug_macro   0x000000000001d777       0xa5 ./Core/Src/main.o
 .debug_macro   0x000000000001d81c       0x81 ./Core/Src/main.o
 .debug_macro   0x000000000001d89d       0xd3 ./Core/Src/main.o
 .debug_macro   0x000000000001d970      0xa3d ./Core/Src/main.o
 .debug_macro   0x000000000001e3ad       0x59 ./Core/Src/main.o
 .debug_macro   0x000000000001e406      0x5a5 ./Core/Src/main.o
 .debug_macro   0x000000000001e9ab       0x44 ./Core/Src/main.o
 .debug_macro   0x000000000001e9ef      0x2a1 ./Core/Src/main.o
 .debug_macro   0x000000000001ec90       0x52 ./Core/Src/main.o
 .debug_macro   0x000000000001ece2       0x18 ./Core/Src/main.o
 .debug_macro   0x000000000001ecfa       0x3c ./Core/Src/main.o
 .debug_macro   0x000000000001ed36       0x34 ./Core/Src/main.o
 .debug_macro   0x000000000001ed6a       0x16 ./Core/Src/main.o
 .debug_macro   0x000000000001ed80       0x43 ./Core/Src/main.o
 .debug_macro   0x000000000001edc3       0x34 ./Core/Src/main.o
 .debug_macro   0x000000000001edf7       0x10 ./Core/Src/main.o
 .debug_macro   0x000000000001ee07       0x58 ./Core/Src/main.o
 .debug_macro   0x000000000001ee5f       0x71 ./Core/Src/main.o
 .debug_macro   0x000000000001eed0       0x1c ./Core/Src/main.o
 .debug_macro   0x000000000001eeec      0x12a ./Core/Src/main.o
 .debug_macro   0x000000000001f016      0x333 ./Core/Src/main.o
 .debug_macro   0x000000000001f349       0x10 ./Core/Src/main.o
 .debug_macro   0x000000000001f359       0x35 ./Core/Src/main.o
 .debug_macro   0x000000000001f38e       0x20 ./Core/Src/main.o
 .debug_macro   0x000000000001f3ae       0x1c ./Core/Src/main.o
 .debug_macro   0x000000000001f3ca       0x10 ./Core/Src/main.o
 .debug_macro   0x000000000001f3da       0x10 ./Core/Src/main.o
 .debug_macro   0x000000000001f3ea       0x1c ./Core/Src/main.o
 .debug_macro   0x000000000001f406       0x52 ./Core/Src/main.o
 .debug_macro   0x000000000001f458       0x22 ./Core/Src/main.o
 .debug_macro   0x000000000001f47a       0x10 ./Core/Src/main.o
 .debug_macro   0x000000000001f48a       0x40 ./Core/Src/main.o
 .debug_macro   0x000000000001f4ca       0xd5 ./Core/Src/main.o
 .debug_macro   0x000000000001f59f       0x1c ./Core/Src/main.o
 .debug_macro   0x000000000001f5bb       0x3d ./Core/Src/main.o
 .debug_macro   0x000000000001f5f8       0x16 ./Core/Src/main.o
 .debug_macro   0x000000000001f60e      0x145 ./Core/Src/main.o
 .debug_macro   0x000000000001f753      0x38c ./Core/Src/stm32f3xx_hal_msp.o
 .debug_macro   0x000000000001fadf      0x207 ./Core/Src/stm32f3xx_it.o
 .debug_macro   0x000000000001fce6      0x1f3 ./Core/Src/system_stm32f3xx.o
 .debug_macro   0x000000000001fed9      0x217 ./Drivers/STM32F3xx_HAL_Driver/Src/stm32f3xx_hal.o
 .debug_macro   0x00000000000200f0      0x1f4 ./Drivers/STM32F3xx_HAL_Driver/Src/stm32f3xx_hal_adc.o
 .debug_macro   0x00000000000202e4      0x21d ./Drivers/STM32F3xx_HAL_Driver/Src/stm32f3xx_hal_adc_ex.o
 .debug_macro   0x0000000000020501      0x1f3 ./Drivers/STM32F3xx_HAL_Driver/Src/stm32f3xx_hal_cortex.o
 .debug_macro   0x00000000000206f4      0x1f4 ./Drivers/STM32F3xx_HAL_Driver/Src/stm32f3xx_hal_dac.o
 .debug_macro   0x00000000000208e8      0x1f3 ./Drivers/STM32F3xx_HAL_Driver/Src/stm32f3xx_hal_dac_ex.o
 .debug_macro   0x0000000000020adb      0x1f3 ./Drivers/STM32F3xx_HAL_Driver/Src/stm32f3xx_hal_dma.o
 .debug_macro   0x0000000000020cce      0x1fa ./Drivers/STM32F3xx_HAL_Driver/Src/stm32f3xx_hal_gpio.o
 .debug_macro   0x0000000000020ec8      0x217 ./Drivers/STM32F3xx_HAL_Driver/Src/stm32f3xx_hal_rcc.o
 .debug_macro   0x00000000000210df      0x1f4 ./Drivers/STM32F3xx_HAL_Driver/Src/stm32f3xx_hal_tim.o
 .debug_macro   0x00000000000212d3      0x1f3 ./Drivers/STM32F3xx_HAL_Driver/Src/stm32f3xx_hal_tim_ex.o
 .debug_macro   0x00000000000214c6      0x210 ./Drivers/STM32F3xx_HAL_Driver/Src/stm32f3xx_hal_uart.o
 .debug_macro   0x00000000000216d6      0x1f3 ./Drivers/STM32F3xx_HAL_Driver/Src/stm32f3xx_hal_uart_ex.o

.debug_line     0x0000000000000000    0x13f81
 .debug_line    0x0000000000000000      0xc08 ./Core/Src/main.o
 .debug_line    0x0000000000000c08      0xaf4 ./Core/Src/stm32f3xx_hal_msp.o
 .debug_line    0x00000000000016fc      0x8bf ./Core/Src/stm32f3xx_it.o
 .debug_line    0x0000000000001fbb      0x7cb ./Core/Src/system_stm32f3xx.o
 .debug_line    0x0000000000002786       0x88 ./Core/Startup/startup_stm32f334r8tx.o
 .debug_line    0x000000000000280e      0xa00 ./Drivers/STM32F3xx_HAL_Driver/Src/stm32f3xx_hal.o
 .debug_line    0x000000000000320e      0xa49 ./Drivers/STM32F3xx_HAL_Driver/Src/stm32f3xx_hal_adc.o
 .debug_line    0x0000000000003c57     0x2126 ./Drivers/STM32F3xx_HAL_Driver/Src/stm32f3xx_hal_adc_ex.o
 .debug_line    0x0000000000005d7d      0xbe8 ./Drivers/STM32F3xx_HAL_Driver/Src/stm32f3xx_hal_cortex.o
 .debug_line    0x0000000000006965      0xae9 ./Drivers/STM32F3xx_HAL_Driver/Src/stm32f3xx_hal_dac.o
 .debug_line    0x000000000000744e      0xbbb ./Drivers/STM32F3xx_HAL_Driver/Src/stm32f3xx_hal_dac_ex.o
 .debug_line    0x0000000000008009      0xcee ./Drivers/STM32F3xx_HAL_Driver/Src/stm32f3xx_hal_dma.o
 .debug_line    0x0000000000008cf7      0xb4d ./Drivers/STM32F3xx_HAL_Driver/Src/stm32f3xx_hal_gpio.o
 .debug_line    0x0000000000009844     0x13da ./Drivers/STM32F3xx_HAL_Driver/Src/stm32f3xx_hal_rcc.o
 .debug_line    0x000000000000ac1e     0x3c25 ./Drivers/STM32F3xx_HAL_Driver/Src/stm32f3xx_hal_tim.o
 .debug_line    0x000000000000e843     0x1a73 ./Drivers/STM32F3xx_HAL_Driver/Src/stm32f3xx_hal_tim_ex.o
 .debug_line    0x00000000000102b6     0x3114 ./Drivers/STM32F3xx_HAL_Driver/Src/stm32f3xx_hal_uart.o
 .debug_line    0x00000000000133ca      0xbb7 ./Drivers/STM32F3xx_HAL_Driver/Src/stm32f3xx_hal_uart_ex.o

.debug_str      0x0000000000000000    0xcc5f5
 .debug_str     0x0000000000000000    0xc8a3c ./Core/Src/main.o
                                      0xc90b0 (size before relaxing)
 .debug_str     0x00000000000c8a3c      0x13d ./Core/Src/stm32f3xx_hal_msp.o
                                      0xc8e40 (size before relaxing)
 .debug_str     0x00000000000c8b79      0x12a ./Core/Src/stm32f3xx_it.o
                                      0xc4955 (size before relaxing)
 .debug_str     0x00000000000c8ca3       0xb3 ./Core/Src/system_stm32f3xx.o
                                      0xc3d0f (size before relaxing)
 .debug_str     0x00000000000c8d56       0x36 ./Core/Startup/startup_stm32f334r8tx.o
                                         0x6f (size before relaxing)
 .debug_str     0x00000000000c8d8c      0x317 ./Drivers/STM32F3xx_HAL_Driver/Src/stm32f3xx_hal.o
                                      0xc43d5 (size before relaxing)
 .debug_str     0x00000000000c90a3      0x34b ./Drivers/STM32F3xx_HAL_Driver/Src/stm32f3xx_hal_adc.o
                                      0xc450d (size before relaxing)
 .debug_str     0x00000000000c93ee      0x6ba ./Drivers/STM32F3xx_HAL_Driver/Src/stm32f3xx_hal_adc_ex.o
                                      0xc49ef (size before relaxing)
 .debug_str     0x00000000000c9aa8      0x284 ./Drivers/STM32F3xx_HAL_Driver/Src/stm32f3xx_hal_cortex.o
                                      0xc43b6 (size before relaxing)
 .debug_str     0x00000000000c9d2c      0x302 ./Drivers/STM32F3xx_HAL_Driver/Src/stm32f3xx_hal_dac.o
                                      0xc439d (size before relaxing)
 .debug_str     0x00000000000ca02e      0x1a5 ./Drivers/STM32F3xx_HAL_Driver/Src/stm32f3xx_hal_dac_ex.o
                                      0xc429f (size before relaxing)
 .debug_str     0x00000000000ca1d3      0x23d ./Drivers/STM32F3xx_HAL_Driver/Src/stm32f3xx_hal_dma.o
                                      0xc4089 (size before relaxing)
 .debug_str     0x00000000000ca410      0x1b1 ./Drivers/STM32F3xx_HAL_Driver/Src/stm32f3xx_hal_gpio.o
                                      0xc3f2c (size before relaxing)
 .debug_str     0x00000000000ca5c1      0x2f0 ./Drivers/STM32F3xx_HAL_Driver/Src/stm32f3xx_hal_rcc.o
                                      0xc417d (size before relaxing)
 .debug_str     0x00000000000ca8b1      0xdd9 ./Drivers/STM32F3xx_HAL_Driver/Src/stm32f3xx_hal_tim.o
                                      0xc50d2 (size before relaxing)
 .debug_str     0x00000000000cb68a      0x550 ./Drivers/STM32F3xx_HAL_Driver/Src/stm32f3xx_hal_tim_ex.o
                                      0xc48d6 (size before relaxing)
 .debug_str     0x00000000000cbbda      0x87d ./Drivers/STM32F3xx_HAL_Driver/Src/stm32f3xx_hal_uart.o
                                      0xc498d (size before relaxing)
 .debug_str     0x00000000000cc457      0x19e ./Drivers/STM32F3xx_HAL_Driver/Src/stm32f3xx_hal_uart_ex.o
                                      0xc4277 (size before relaxing)

.comment        0x0000000000000000       0x53
 .comment       0x0000000000000000       0x53 ./Core/Src/main.o
                                         0x54 (size before relaxing)
 .comment       0x0000000000000053       0x54 ./Core/Src/stm32f3xx_hal_msp.o
 .comment       0x0000000000000053       0x54 ./Core/Src/stm32f3xx_it.o
 .comment       0x0000000000000053       0x54 ./Core/Src/system_stm32f3xx.o
 .comment       0x0000000000000053       0x54 ./Drivers/STM32F3xx_HAL_Driver/Src/stm32f3xx_hal.o
 .comment       0x0000000000000053       0x54 ./Drivers/STM32F3xx_HAL_Driver/Src/stm32f3xx_hal_adc.o
 .comment       0x0000000000000053       0x54 ./Drivers/STM32F3xx_HAL_Driver/Src/stm32f3xx_hal_adc_ex.o
 .comment       0x0000000000000053       0x54 ./Drivers/STM32F3xx_HAL_Driver/Src/stm32f3xx_hal_cortex.o
 .comment       0x0000000000000053       0x54 ./Drivers/STM32F3xx_HAL_Driver/Src/stm32f3xx_hal_dac.o
 .comment       0x0000000000000053       0x54 ./Drivers/STM32F3xx_HAL_Driver/Src/stm32f3xx_hal_dac_ex.o
 .comment       0x0000000000000053       0x54 ./Drivers/STM32F3xx_HAL_Driver/Src/stm32f3xx_hal_dma.o
 .comment       0x0000000000000053       0x54 ./Drivers/STM32F3xx_HAL_Driver/Src/stm32f3xx_hal_gpio.o
 .comment       0x0000000000000053       0x54 ./Drivers/STM32F3xx_HAL_Driver/Src/stm32f3xx_hal_rcc.o
 .comment       0x0000000000000053       0x54 ./Drivers/STM32F3xx_HAL_Driver/Src/stm32f3xx_hal_tim.o
 .comment       0x0000000000000053       0x54 ./Drivers/STM32F3xx_HAL_Driver/Src/stm32f3xx_hal_tim_ex.o
 .comment       0x0000000000000053       0x54 ./Drivers/STM32F3xx_HAL_Driver/Src/stm32f3xx_hal_uart.o
 .comment       0x0000000000000053       0x54 ./Drivers/STM32F3xx_HAL_Driver/Src/stm32f3xx_hal_uart_ex.o

.debug_frame    0x0000000000000000     0x4690
 .debug_frame   0x0000000000000000      0x188 ./Core/Src/main.o
 .debug_frame   0x0000000000000188      0x158 ./Core/Src/stm32f3xx_hal_msp.o
 .debug_frame   0x00000000000002e0      0x1c8 ./Core/Src/stm32f3xx_it.o
 .debug_frame   0x00000000000004a8       0x58 ./Core/Src/system_stm32f3xx.o
 .debug_frame   0x0000000000000500      0x334 ./Drivers/STM32F3xx_HAL_Driver/Src/stm32f3xx_hal.o
 .debug_frame   0x0000000000000834      0x3d0 ./Drivers/STM32F3xx_HAL_Driver/Src/stm32f3xx_hal_adc.o
 .debug_frame   0x0000000000000c04      0x644 ./Drivers/STM32F3xx_HAL_Driver/Src/stm32f3xx_hal_adc_ex.o
 .debug_frame   0x0000000000001248      0x428 ./Drivers/STM32F3xx_HAL_Driver/Src/stm32f3xx_hal_cortex.o
 .debug_frame   0x0000000000001670      0x324 ./Drivers/STM32F3xx_HAL_Driver/Src/stm32f3xx_hal_dac.o
 .debug_frame   0x0000000000001994      0x310 ./Drivers/STM32F3xx_HAL_Driver/Src/stm32f3xx_hal_dac_ex.o
 .debug_frame   0x0000000000001ca4      0x224 ./Drivers/STM32F3xx_HAL_Driver/Src/stm32f3xx_hal_dma.o
 .debug_frame   0x0000000000001ec8      0x14c ./Drivers/STM32F3xx_HAL_Driver/Src/stm32f3xx_hal_gpio.o
 .debug_frame   0x0000000000002014      0x214 ./Drivers/STM32F3xx_HAL_Driver/Src/stm32f3xx_hal_rcc.o
 .debug_frame   0x0000000000002228     0x121c ./Drivers/STM32F3xx_HAL_Driver/Src/stm32f3xx_hal_tim.o
 .debug_frame   0x0000000000003444      0x688 ./Drivers/STM32F3xx_HAL_Driver/Src/stm32f3xx_hal_tim_ex.o
 .debug_frame   0x0000000000003acc      0x9e8 ./Drivers/STM32F3xx_HAL_Driver/Src/stm32f3xx_hal_uart.o
 .debug_frame   0x00000000000044b4      0x190 ./Drivers/STM32F3xx_HAL_Driver/Src/stm32f3xx_hal_uart_ex.o
 .debug_frame   0x0000000000004644       0x2c d:/cubemx/stm32cubeide_1.8.0/stm32cubeide/plugins/com.st.stm32cube.ide.mcu.externaltools.gnu-tools-for-stm32.9-2020-q2-update.win32_2.0.0.202105311346/tools/bin/../lib/gcc/arm-none-eabi/9.3.1/../../../../arm-none-eabi/lib/thumb/v7e-m+fp/hard\libc_nano.a(lib_a-init.o)
 .debug_frame   0x0000000000004670       0x20 d:/cubemx/stm32cubeide_1.8.0/stm32cubeide/plugins/com.st.stm32cube.ide.mcu.externaltools.gnu-tools-for-stm32.9-2020-q2-update.win32_2.0.0.202105311346/tools/bin/../lib/gcc/arm-none-eabi/9.3.1/../../../../arm-none-eabi/lib/thumb/v7e-m+fp/hard\libc_nano.a(lib_a-memset.o)
